19:16:28.354 Running build in Washington, D.C., USA (East) – iad1
19:16:28.354 Build machine configuration: 2 cores, 8 GB
19:16:28.476 Cloning github.com/Sain-orshikh/mais-webv2 (Branch: master, Commit: c7a90b4)
19:16:28.795 Cloning completed: 318.000ms
19:16:29.040 Restored build cache from previous deployment (J6JAYbdCQHpMfmeRxU1WDzwH2f7B)
19:16:29.619 Running "vercel build"
19:16:30.270 Vercel CLI 50.42.0
19:16:30.906 Running "install" command: `npm install`...
19:16:32.614 
19:16:32.615 up to date, audited 235 packages in 1s
19:16:32.615 
19:16:32.616 64 packages are looking for funding
19:16:32.616   run `npm fund` for details
19:16:32.624 
19:16:32.625 2 moderate severity vulnerabilities
19:16:32.625 
19:16:32.625 To address all issues (including breaking changes), run:
19:16:32.626   npm audit fix --force
19:16:32.626 
19:16:32.626 Run `npm audit` for details.
19:16:32.855 
19:16:32.856 > 26mais@0.1.0 build
19:16:32.856 > tsc && vite build
19:16:32.856 
19:16:38.640 src/features/admin/previews/AboutPageEditor.tsx(1,1): error TS6133: 'motion' is declared but its value is never read.
19:16:38.640 src/features/admin/previews/AboutPageEditor.tsx(77,17): error TS2339: Property 'principal' does not exist on type 'AboutData'.
19:16:38.641 src/features/admin/previews/AboutPageEditor.tsx(83,28): error TS2339: Property 'principal' does not exist on type 'AboutData'.
19:16:38.641 src/features/admin/previews/AboutPageEditor.tsx(84,39): error TS2339: Property 'principal' does not exist on type 'AboutData'.
19:16:38.641 src/features/admin/previews/AboutPageEditor.tsx(89,40): error TS2339: Property 'principal' does not exist on type 'AboutData'.
19:16:38.641 src/features/admin/previews/AboutPageEditor.tsx(100,51): error TS2339: Property 'principal' does not exist on type 'AboutData'.
19:16:38.641 src/features/admin/previews/AboutPageEditor.tsx(100,78): error TS2339: Property 'principal' does not exist on type 'AboutData'.
19:16:38.642 src/features/admin/previews/AboutPageEditor.tsx(106,51): error TS2339: Property 'principal' does not exist on type 'AboutData'.
19:16:38.642 src/features/admin/previews/AboutPageEditor.tsx(106,79): error TS2339: Property 'principal' does not exist on type 'AboutData'.
19:16:38.642 src/features/admin/previews/AboutPageEditor.tsx(112,51): error TS2339: Property 'principal' does not exist on type 'AboutData'.
19:16:38.642 src/features/admin/previews/AboutPageEditor.tsx(112,81): error TS2339: Property 'principal' does not exist on type 'AboutData'.
19:16:38.642 src/features/admin/previews/AboutPageEditor.tsx(125,17): error TS2339: Property 'timeline' does not exist on type 'AboutData'.
19:16:38.642 src/features/admin/previews/AboutPageEditor.tsx(125,37): error TS2339: Property 'timeline' does not exist on type 'AboutData'.
19:16:38.643 src/features/admin/previews/AboutPageEditor.tsx(134,26): error TS2339: Property 'timeline' does not exist on type 'AboutData'.
19:16:38.643 src/features/admin/previews/AboutPageEditor.tsx(134,40): error TS7006: Parameter 'item' implicitly has an 'any' type.
19:16:38.643 src/features/admin/previews/AboutPageEditor.tsx(134,46): error TS7006: Parameter 'index' implicitly has an 'any' type.
19:16:38.643 src/features/admin/previews/AboutPageEditor.tsx(211,59): error TS2339: Property 'igcse_en' does not exist on type 'InternationalProgram'.
19:16:38.643 src/features/admin/previews/AboutPageEditor.tsx(217,59): error TS2339: Property 'igcse_desc_en' does not exist on type 'InternationalProgram'.
19:16:38.645 src/features/admin/previews/AboutPageEditor.tsx(224,59): error TS2339: Property 'igcse' does not exist on type 'InternationalProgram'.
19:16:38.646 src/features/admin/previews/AboutPageEditor.tsx(233,59): error TS2339: Property 'as_level_en' does not exist on type 'InternationalProgram'.
19:16:38.646 src/features/admin/previews/AboutPageEditor.tsx(239,59): error TS2339: Property 'as_level_desc_en' does not exist on type 'InternationalProgram'.
19:16:38.646 src/features/admin/previews/AboutPageEditor.tsx(246,59): error TS2339: Property 'as_level' does not exist on type 'InternationalProgram'.
19:16:38.646 src/features/admin/previews/AboutPageEditor.tsx(255,59): error TS2339: Property 'a2_level_en' does not exist on type 'InternationalProgram'.
19:16:38.646 src/features/admin/previews/AboutPageEditor.tsx(261,59): error TS2339: Property 'a2_level_desc_en' does not exist on type 'InternationalProgram'.
19:16:38.646 src/features/admin/previews/AboutPageEditor.tsx(268,59): error TS2339: Property 'a2_level' does not exist on type 'InternationalProgram'.
19:16:38.646 src/features/admin/previews/AboutPageEditor.tsx(277,59): error TS2339: Property 'pdq_en' does not exist on type 'InternationalProgram'.
19:16:38.646 src/features/admin/previews/AboutPageEditor.tsx(283,59): error TS2339: Property 'pdq_desc_en' does not exist on type 'InternationalProgram'.
19:16:38.646 src/features/admin/previews/AboutPageEditor.tsx(290,59): error TS2339: Property 'pdq' does not exist on type 'InternationalProgram'.
19:16:38.646 src/lib/api.ts(128,3): error TS2322: Type 'Promise<{ school_info: { vision_mn: string; vision_en: string; mission_mn: string; mission_en: string; general_info_mn: string; general_info_en: string; }; international_program: { igcse: number; igcse_en: string; ... 17 more ...; pdq_desc_mn: string; }; ... 6 more ...; counseling_services: { ...; }[]; }>' is not assignable to type 'Promise<AboutData>'.
19:16:38.646   Type '{ school_info: { vision_mn: string; vision_en: string; mission_mn: string; mission_en: string; general_info_mn: string; general_info_en: string; }; international_program: { igcse: number; igcse_en: string; ... 17 more ...; pdq_desc_mn: string; }; ... 6 more ...; counseling_services: { ...; }[]; }' is missing the following properties from type 'AboutData': characteristics, national_program
19:16:38.672 Error: Command "npm run build" exited with 2